// Jest Snapshot v1, https://goo.gl/fbAQLP

exports[`Product Page snapshot 1`] = `
Object {
  "asFragment": [Function],
  "baseElement": <body>
    <div>
      <article
        class="grid__row_1gt5e grid__component_xpkmx grid__center_xpkmx grid__gutter-24_1gt5e container"
      >
        <section
          class="grid__col_1gt5e grid__component_17rb3 grid__width-mobile-12_17rb3 grid__width-tablet-12_17rb3 grid__width-desktop-6_17rb3"
        >
          <div
            class="generic-wrapper__component_1xe8s generic-wrapper__column_1xe8s generic-wrapper__grow_1xe8s"
          >
            <div
              class="skeleton__component_jp9h2 skeleton__animate_jp9h2 wrapper w3h4"
            >
              <img
                alt="Рюкзак «Для умных и свободных»"
                class="image"
                src=""
                width="564"
              />
            </div>
            <div
              class="grid__row_1gt5e grid__component_xpkmx grid__left_xpkmx grid__gutter-8_1gt5e"
            >
              <div
                class="grid__col_1gt5e grid__component_17rb3 grid__width-auto_17rb3"
              >
                <button
                  class="button__component_onnkc button__link_onnkc button__xl_onnkc button__component_1qjkj button__link_1qjkj button__block_onnkc button__iconOnly_onnkc button"
                  style="background-image: url(http://qa-games.ru/astore/public/images/15586005.jpeg);"
                  type="button"
                />
              </div>
              <div
                class="grid__col_1gt5e grid__component_17rb3 grid__width-auto_17rb3"
              >
                <button
                  class="button__component_onnkc button__link_onnkc button__xl_onnkc button__component_1qjkj button__link_1qjkj button__block_onnkc button__iconOnly_onnkc button"
                  style="background-image: url(http://qa-games.ru/astore/public/images/45862782.jpeg);"
                  type="button"
                />
              </div>
              <div
                class="grid__col_1gt5e grid__component_17rb3 grid__width-auto_17rb3"
              >
                <button
                  class="button__component_onnkc button__link_onnkc button__xl_onnkc button__component_1qjkj button__link_1qjkj button__block_onnkc button__iconOnly_onnkc button"
                  style="background-image: url(http://qa-games.ru/astore/public/images/75259815.jpeg);"
                  type="button"
                />
              </div>
            </div>
          </div>
        </section>
        <section
          class="grid__col_1gt5e grid__component_17rb3 grid__width-mobile-12_17rb3 grid__width-tablet-12_17rb3 grid__width-desktop-6_17rb3 secondCol"
        >
          <div
            class="space__spaceContainer_4n70i space__vertical_4n70i space__start_4n70i space__spaceContainerFullWidth_4n70i"
          >
            <div
              class="space__spaceItem_4n70i space__spaceItemFullWidth_4n70i"
              style="margin-bottom: 16px;"
            >
              <h1
                class="typography__component_h1nzy typography__styrene-small_qohs3 typography__medium_h1nzy"
              >
                Рюкзак «Для умных и свободных»
              </h1>
            </div>
            <div
              class="space__spaceItem_4n70i space__spaceItemFullWidth_4n70i"
              style="margin-bottom: 16px;"
            >
              <div
                class="typography__component_h1nzy typography__styrene-xsmall_qohs3 typography__bold_h1nzy"
              >
                <span
                  class="amount__component_96zmx amount__bold_96zmx"
                >
                  4 999
                  <span
                    class=""
                  >
                     ₽
                  </span>
                </span>
              </div>
            </div>
            <div
              class="space__spaceItem_4n70i space__spaceItemFullWidth_4n70i"
              style="margin-bottom: 16px;"
            >
              <section
                class="grid__row_1gt5e grid__component_xpkmx grid__left_xpkmx"
              >
                <div
                  class="grid__col_1gt5e grid__component_17rb3 grid__width-mobile-7_17rb3 grid__width-tablet-5_17rb3 grid__width-desktop-5_17rb3"
                >
                  <div
                    class="space__spaceContainer_4n70i space__vertical_4n70i space__start_4n70i space__spaceContainerFullWidth_4n70i"
                  >
                    <div
                      class="space__spaceItem_4n70i space__spaceItemFullWidth_4n70i"
                    >
                      <button
                        class="button__component_onnkc button__m_onnkc button__component_1qjkj button__primary_1qjkj button__block_onnkc"
                        type="button"
                      >
                        <span
                          class="button__text_onnkc button__stretchText_onnkc"
                        >
                          В корзину
                        </span>
                      </button>
                    </div>
                  </div>
                </div>
              </section>
            </div>
            <div
              class="space__spaceItem_4n70i space__spaceItemFullWidth_4n70i"
              style="margin-bottom: 16px;"
            >
              <p
                class="typography__paragraph_xcdcz typography__secondary-large_xcdcz typography__medium_xcdcz"
              >
                Поместится и ноутбук, и худи.
              </p>
              <p
                class="typography__paragraph_xcdcz typography__secondary-large_xcdcz typography__medium_xcdcz"
              >
                У рюкзака широкие красные лямки и светоотражающие элементы — вас заметят и днём, и ночью.
              </p>
            </div>
            <div
              class="space__spaceItem_4n70i space__spaceItemFullWidth_4n70i"
            >
              <span
                class="typography__primary-small_xcdcz"
              >
                <button
                  class="link__component_1r33z link__secondary_1b8mz link__pseudo_1r33z"
                  type="button"
                >
                  <span
                    class="link__text_1r33z"
                  >
                    Вернуться назад
                  </span>
                </button>
              </span>
            </div>
          </div>
        </section>
      </article>
    </div>
  </body>,
  "container": <div>
    <article
      class="grid__row_1gt5e grid__component_xpkmx grid__center_xpkmx grid__gutter-24_1gt5e container"
    >
      <section
        class="grid__col_1gt5e grid__component_17rb3 grid__width-mobile-12_17rb3 grid__width-tablet-12_17rb3 grid__width-desktop-6_17rb3"
      >
        <div
          class="generic-wrapper__component_1xe8s generic-wrapper__column_1xe8s generic-wrapper__grow_1xe8s"
        >
          <div
            class="skeleton__component_jp9h2 skeleton__animate_jp9h2 wrapper w3h4"
          >
            <img
              alt="Рюкзак «Для умных и свободных»"
              class="image"
              src=""
              width="564"
            />
          </div>
          <div
            class="grid__row_1gt5e grid__component_xpkmx grid__left_xpkmx grid__gutter-8_1gt5e"
          >
            <div
              class="grid__col_1gt5e grid__component_17rb3 grid__width-auto_17rb3"
            >
              <button
                class="button__component_onnkc button__link_onnkc button__xl_onnkc button__component_1qjkj button__link_1qjkj button__block_onnkc button__iconOnly_onnkc button"
                style="background-image: url(http://qa-games.ru/astore/public/images/15586005.jpeg);"
                type="button"
              />
            </div>
            <div
              class="grid__col_1gt5e grid__component_17rb3 grid__width-auto_17rb3"
            >
              <button
                class="button__component_onnkc button__link_onnkc button__xl_onnkc button__component_1qjkj button__link_1qjkj button__block_onnkc button__iconOnly_onnkc button"
                style="background-image: url(http://qa-games.ru/astore/public/images/45862782.jpeg);"
                type="button"
              />
            </div>
            <div
              class="grid__col_1gt5e grid__component_17rb3 grid__width-auto_17rb3"
            >
              <button
                class="button__component_onnkc button__link_onnkc button__xl_onnkc button__component_1qjkj button__link_1qjkj button__block_onnkc button__iconOnly_onnkc button"
                style="background-image: url(http://qa-games.ru/astore/public/images/75259815.jpeg);"
                type="button"
              />
            </div>
          </div>
        </div>
      </section>
      <section
        class="grid__col_1gt5e grid__component_17rb3 grid__width-mobile-12_17rb3 grid__width-tablet-12_17rb3 grid__width-desktop-6_17rb3 secondCol"
      >
        <div
          class="space__spaceContainer_4n70i space__vertical_4n70i space__start_4n70i space__spaceContainerFullWidth_4n70i"
        >
          <div
            class="space__spaceItem_4n70i space__spaceItemFullWidth_4n70i"
            style="margin-bottom: 16px;"
          >
            <h1
              class="typography__component_h1nzy typography__styrene-small_qohs3 typography__medium_h1nzy"
            >
              Рюкзак «Для умных и свободных»
            </h1>
          </div>
          <div
            class="space__spaceItem_4n70i space__spaceItemFullWidth_4n70i"
            style="margin-bottom: 16px;"
          >
            <div
              class="typography__component_h1nzy typography__styrene-xsmall_qohs3 typography__bold_h1nzy"
            >
              <span
                class="amount__component_96zmx amount__bold_96zmx"
              >
                4 999
                <span
                  class=""
                >
                   ₽
                </span>
              </span>
            </div>
          </div>
          <div
            class="space__spaceItem_4n70i space__spaceItemFullWidth_4n70i"
            style="margin-bottom: 16px;"
          >
            <section
              class="grid__row_1gt5e grid__component_xpkmx grid__left_xpkmx"
            >
              <div
                class="grid__col_1gt5e grid__component_17rb3 grid__width-mobile-7_17rb3 grid__width-tablet-5_17rb3 grid__width-desktop-5_17rb3"
              >
                <div
                  class="space__spaceContainer_4n70i space__vertical_4n70i space__start_4n70i space__spaceContainerFullWidth_4n70i"
                >
                  <div
                    class="space__spaceItem_4n70i space__spaceItemFullWidth_4n70i"
                  >
                    <button
                      class="button__component_onnkc button__m_onnkc button__component_1qjkj button__primary_1qjkj button__block_onnkc"
                      type="button"
                    >
                      <span
                        class="button__text_onnkc button__stretchText_onnkc"
                      >
                        В корзину
                      </span>
                    </button>
                  </div>
                </div>
              </div>
            </section>
          </div>
          <div
            class="space__spaceItem_4n70i space__spaceItemFullWidth_4n70i"
            style="margin-bottom: 16px;"
          >
            <p
              class="typography__paragraph_xcdcz typography__secondary-large_xcdcz typography__medium_xcdcz"
            >
              Поместится и ноутбук, и худи.
            </p>
            <p
              class="typography__paragraph_xcdcz typography__secondary-large_xcdcz typography__medium_xcdcz"
            >
              У рюкзака широкие красные лямки и светоотражающие элементы — вас заметят и днём, и ночью.
            </p>
          </div>
          <div
            class="space__spaceItem_4n70i space__spaceItemFullWidth_4n70i"
          >
            <span
              class="typography__primary-small_xcdcz"
            >
              <button
                class="link__component_1r33z link__secondary_1b8mz link__pseudo_1r33z"
                type="button"
              >
                <span
                  class="link__text_1r33z"
                >
                  Вернуться назад
                </span>
              </button>
            </span>
          </div>
        </div>
      </section>
    </article>
  </div>,
  "debug": [Function],
  "findAllByAltText": [Function],
  "findAllByDisplayValue": [Function],
  "findAllByLabelText": [Function],
  "findAllByPlaceholderText": [Function],
  "findAllByRole": [Function],
  "findAllByTestId": [Function],
  "findAllByText": [Function],
  "findAllByTitle": [Function],
  "findByAltText": [Function],
  "findByDisplayValue": [Function],
  "findByLabelText": [Function],
  "findByPlaceholderText": [Function],
  "findByRole": [Function],
  "findByTestId": [Function],
  "findByText": [Function],
  "findByTitle": [Function],
  "getAllByAltText": [Function],
  "getAllByDisplayValue": [Function],
  "getAllByLabelText": [Function],
  "getAllByPlaceholderText": [Function],
  "getAllByRole": [Function],
  "getAllByTestId": [Function],
  "getAllByText": [Function],
  "getAllByTitle": [Function],
  "getByAltText": [Function],
  "getByDisplayValue": [Function],
  "getByLabelText": [Function],
  "getByPlaceholderText": [Function],
  "getByRole": [Function],
  "getByTestId": [Function],
  "getByText": [Function],
  "getByTitle": [Function],
  "queryAllByAltText": [Function],
  "queryAllByDisplayValue": [Function],
  "queryAllByLabelText": [Function],
  "queryAllByPlaceholderText": [Function],
  "queryAllByRole": [Function],
  "queryAllByTestId": [Function],
  "queryAllByText": [Function],
  "queryAllByTitle": [Function],
  "queryByAltText": [Function],
  "queryByDisplayValue": [Function],
  "queryByLabelText": [Function],
  "queryByPlaceholderText": [Function],
  "queryByRole": [Function],
  "queryByTestId": [Function],
  "queryByText": [Function],
  "queryByTitle": [Function],
  "rerender": [Function],
  "unmount": [Function],
}
`;
